Failed at 12/59_15:58
Failed at 12/16_15:59
Failed at 12/13_09:10
Failed at 12/13_10:15
Failed at 12/13_12:19
Failed at 12/13_12:19
Failed at 12/13_12:24
Failed at 12/13_12:25
Failed at 12/13_16:01
